\BOOKMARK [1][-]{section.1}{\376\377\000I\000n\000t\000r\000o\000d\000u\000c\000t\000i\000o\000n}{}% 1
\BOOKMARK [1][-]{section.2}{\376\377\000T\000h\000e\000\040\000K\000a\000y\000\040\000R\000e\000c\000o\000v\000e\000r\000y}{}% 2
\BOOKMARK [1][-]{section.3}{\376\377\000T\000h\000e\000\040\000A\000g\000e\000n\000t\000\040\000a\000s\000\040\000C\000o\000m\000p\000u\000t\000a\000t\000i\000o\000n\000a\000l\000\040\000P\000r\000i\000m\000i\000t\000i\000v\000e}{}% 3
\BOOKMARK [1][-]{section.4}{\376\377\000T\000h\000e\000\040\000C\000o\000n\000s\000t\000r\000a\000i\000n\000t\000\040\000A\000r\000c\000h\000i\000t\000e\000c\000t\000u\000r\000e}{}% 4
\BOOKMARK [2][-]{subsection.4.1}{\376\377\000R\000i\000g\000i\000d\000\040\000B\000o\000u\000n\000d\000a\000r\000i\000e\000s}{section.4}% 5
\BOOKMARK [2][-]{subsection.4.2}{\376\377\000F\000l\000e\000x\000i\000b\000l\000e\000\040\000I\000n\000t\000e\000r\000i\000o\000r\000s}{section.4}% 6
\BOOKMARK [2][-]{subsection.4.3}{\376\377\000R\000e\000c\000u\000r\000s\000i\000v\000e\000\040\000C\000o\000n\000s\000t\000r\000a\000i\000n\000t\000\040\000I\000n\000t\000e\000r\000a\000c\000t\000i\000o\000n}{section.4}% 7
\BOOKMARK [2][-]{subsection.4.4}{\376\377\000W\000e\000l\000l\000-\000F\000o\000r\000m\000e\000d\000n\000e\000s\000s}{section.4}% 8
\BOOKMARK [1][-]{section.5}{\376\377\000T\000h\000e\000o\000r\000e\000t\000i\000c\000a\000l\000\040\000C\000o\000n\000v\000e\000r\000g\000e\000n\000c\000e}{}% 9
\BOOKMARK [2][-]{subsection.5.1}{\376\377\000A\000s\000h\000b\000y\000'\000s\000\040\000L\000a\000w\000\040\000o\000f\000\040\000R\000e\000q\000u\000i\000s\000i\000t\000e\000\040\000V\000a\000r\000i\000e\000t\000y}{section.5}% 10
\BOOKMARK [2][-]{subsection.5.2}{\376\377\000B\000e\000e\000r\000'\000s\000\040\000V\000i\000a\000b\000l\000e\000\040\000S\000y\000s\000t\000e\000m\000\040\000M\000o\000d\000e\000l}{section.5}% 11
\BOOKMARK [2][-]{subsection.5.3}{\376\377\000B\000a\000l\000d\000w\000i\000n\000\040\000a\000n\000d\000\040\000C\000l\000a\000r\000k\000'\000s\000\040\000D\000e\000s\000i\000g\000n\000\040\000R\000u\000l\000e\000s}{section.5}% 12
\BOOKMARK [2][-]{subsection.5.4}{\376\377\000K\000a\000u\000f\000f\000m\000a\000n\000'\000s\000\040\000E\000d\000g\000e\000\040\000o\000f\000\040\000C\000h\000a\000o\000s}{section.5}% 13
\BOOKMARK [2][-]{subsection.5.5}{\376\377\000T\000h\000e\000\040\000C\000o\000n\000v\000e\000r\000g\000e\000n\000c\000e}{section.5}% 14
\BOOKMARK [1][-]{section.6}{\376\377\000R\000e\000l\000a\000t\000e\000d\000\040\000W\000o\000r\000k}{}% 15
\BOOKMARK [1][-]{section.7}{\376\377\000T\000h\000e\000\040\000C\000h\000r\000o\000n\000i\000c\000l\000e\000r\000\040\000P\000r\000i\000n\000c\000i\000p\000l\000e}{}% 16
\BOOKMARK [1][-]{section.8}{\376\377\000E\000x\000i\000s\000t\000e\000n\000c\000e\000\040\000P\000r\000o\000o\000f\000:\000\040\000A\000\040\000S\000t\000i\000g\000m\000e\000r\000g\000i\000c\000\040\000M\000e\000s\000h}{}% 17
\BOOKMARK [2][-]{subsection.8.1}{\376\377\000A\000r\000c\000h\000i\000t\000e\000c\000t\000u\000r\000e}{section.8}% 18
\BOOKMARK [2][-]{subsection.8.2}{\376\377\000W\000h\000a\000t\000\040\000E\000m\000e\000r\000g\000e\000d}{section.8}% 19
\BOOKMARK [1][-]{section.9}{\376\377\000W\000h\000a\000t\000\040\000C\000h\000a\000n\000g\000e\000s}{}% 20
\BOOKMARK [2][-]{subsection.9.1}{\376\377\000T\000h\000e\000\040\000P\000r\000o\000g\000r\000a\000m\000m\000e\000r\000'\000s\000\040\000R\000o\000l\000e}{section.9}% 21
\BOOKMARK [2][-]{subsection.9.2}{\376\377\000T\000e\000s\000t\000i\000n\000g\000\040\000a\000n\000d\000\040\000V\000e\000r\000i\000f\000i\000c\000a\000t\000i\000o\000n}{section.9}% 22
\BOOKMARK [2][-]{subsection.9.3}{\376\377\000F\000a\000i\000l\000u\000r\000e\000\040\000M\000o\000d\000e\000s}{section.9}% 23
\BOOKMARK [2][-]{subsection.9.4}{\376\377\000T\000h\000e\000\040\000C\000o\000n\000f\000i\000g\000u\000r\000a\000t\000i\000o\000n\000\040\000T\000r\000a\000p\000\040\000D\000i\000s\000s\000o\000l\000v\000e\000d}{section.9}% 24
\BOOKMARK [1][-]{section.10}{\376\377\000L\000i\000m\000i\000t\000a\000t\000i\000o\000n\000s}{}% 25
\BOOKMARK [2][-]{subsection.10.1}{\376\377\000L\000a\000t\000e\000n\000c\000y}{section.10}% 26
\BOOKMARK [2][-]{subsection.10.2}{\376\377\000C\000o\000s\000t}{section.10}% 27
\BOOKMARK [2][-]{subsection.10.3}{\376\377\000T\000h\000e\000\040\000S\000p\000a\000c\000e\000\040\000B\000e\000t\000w\000e\000e\000n\000:\000\040\000A\000\040\000N\000e\000w\000\040\000D\000i\000s\000c\000i\000p\000l\000i\000n\000e}{section.10}% 28
\BOOKMARK [2][-]{subsection.10.4}{\376\377\000N\000o\000n\000-\000D\000e\000t\000e\000r\000m\000i\000n\000i\000s\000m}{section.10}% 29
\BOOKMARK [2][-]{subsection.10.5}{\376\377\000S\000t\000a\000t\000e\000\040\000a\000n\000d\000\040\000M\000e\000m\000o\000r\000y}{section.10}% 30
\BOOKMARK [1][-]{section.11}{\376\377\000O\000b\000j\000e\000c\000t\000i\000o\000n\000s}{}% 31
\BOOKMARK [2][-]{subsection.11.1}{\376\377\000`\000`\000T\000h\000i\000s\000\040\000i\000s\000\040\000j\000u\000s\000t\000\040\000m\000u\000l\000t\000i\000-\000a\000g\000e\000n\000t\000\040\000s\000y\000s\000t\000e\000m\000s\000.\000'\000'}{section.11}% 32
\BOOKMARK [2][-]{subsection.11.2}{\376\377\000`\000`\000Y\000o\000u\000\040\000c\000a\000n\000n\000o\000t\000\040\000r\000e\000l\000y\000\040\000o\000n\000\040\000L\000L\000M\000\040\000j\000u\000d\000g\000m\000e\000n\000t\000.\000'\000'}{section.11}% 33
\BOOKMARK [2][-]{subsection.11.3}{\376\377\000`\000`\000E\000m\000e\000r\000g\000e\000n\000t\000\040\000b\000e\000h\000a\000v\000i\000o\000r\000\040\000i\000s\000\040\000u\000n\000p\000r\000e\000d\000i\000c\000t\000a\000b\000l\000e\000.\000'\000'}{section.11}% 34
\BOOKMARK [2][-]{subsection.11.4}{\376\377\000`\000`\000T\000h\000i\000s\000\040\000w\000i\000l\000l\000\040\000b\000e\000\040\000c\000o\000m\000m\000o\000d\000i\000t\000i\000z\000e\000d\000\040\000i\000n\000t\000o\000\040\000f\000r\000a\000m\000e\000w\000o\000r\000k\000s\000.\000'\000'}{section.11}% 35
\BOOKMARK [1][-]{section.12}{\376\377\000C\000o\000n\000c\000l\000u\000s\000i\000o\000n}{}% 36
