\BOOKMARK [1][-]{section.1}{\376\377\000P\000r\000i\000m\000a\000r\000y\000\040\000A\000n\000a\000l\000y\000s\000i\000s\000\040\000o\000f\000\040\000t\000h\000e\000\040\000V\000a\000r\000i\000a\000n\000c\000e\000\040\000C\000o\000m\000p\000r\000e\000s\000s\000i\000o\000n\000\040\000T\000h\000e\000s\000i\000s}{}% 1
\BOOKMARK [2][-]{subsection.1.1}{\376\377\000C\000o\000h\000o\000r\000t\000\040\0001\000:\000\040\000T\000h\000e\000\040\000P\000r\000e\000-\000S\000O\000X\000\040\000E\000n\000v\000i\000r\000o\000n\000m\000e\000n\000t\000\040\000\050\000I\000P\000O\000:\000\040\0001\0009\0009\0005\000-\0001\0009\0009\0009\000\051}{section.1}% 2
\BOOKMARK [3][-]{subsubsection.1.1.1}{\376\377\000A\000m\000a\000z\000o\000n\000\040\000\050\000A\000M\000Z\000N\000\051}{subsection.1.1}% 3
\BOOKMARK [3][-]{subsubsection.1.1.2}{\376\377\000e\000B\000a\000y\000\040\000\050\000E\000B\000A\000Y\000\051}{subsection.1.1}% 4
\BOOKMARK [3][-]{subsubsection.1.1.3}{\376\377\000A\000d\000o\000b\000e\000\040\000\050\000A\000D\000B\000E\000\051\000\040\000\046\000\040\000I\000n\000t\000u\000i\000t\000\040\000\050\000I\000N\000T\000U\000\051}{subsection.1.1}% 5
\BOOKMARK [3][-]{subsubsection.1.1.4}{\376\377\000N\000V\000I\000D\000I\000A\000\040\000\050\000N\000V\000D\000A\000\051}{subsection.1.1}% 6
\BOOKMARK [2][-]{subsection.1.2}{\376\377\000C\000o\000h\000o\000r\000t\000\040\0002\000:\000\040\000T\000h\000e\000\040\000P\000o\000s\000t\000-\000S\000O\000X\000\040\000/\000\040\000W\000e\000b\000\040\0002\000.\0000\000\040\000F\000o\000r\000m\000a\000l\000i\000z\000a\000t\000i\000o\000n\000\040\000\050\000I\000P\000O\000:\000\040\0002\0000\0000\0004\000-\0002\0000\0001\0003\000\051}{section.1}% 7
\BOOKMARK [3][-]{subsubsection.1.2.1}{\376\377\000G\000o\000o\000g\000l\000e\000\040\000\050\000G\000O\000O\000G\000L\000\051}{subsection.1.2}% 8
\BOOKMARK [3][-]{subsubsection.1.2.2}{\376\377\000S\000a\000l\000e\000s\000f\000o\000r\000c\000e\000\040\000\050\000C\000R\000M\000\051}{subsection.1.2}% 9
\BOOKMARK [3][-]{subsubsection.1.2.3}{\376\377\000N\000e\000t\000f\000l\000i\000x\000\040\000\050\000N\000F\000L\000X\000\051}{subsection.1.2}% 10
\BOOKMARK [3][-]{subsubsection.1.2.4}{\376\377\000L\000i\000n\000k\000e\000d\000I\000n\000\040\000\050\000L\000N\000K\000D\000\051}{subsection.1.2}% 11
\BOOKMARK [3][-]{subsubsection.1.2.5}{\376\377\000W\000o\000r\000k\000d\000a\000y\000\040\000\050\000W\000D\000A\000Y\000\051\000\040\000\046\000\040\000S\000e\000r\000v\000i\000c\000e\000N\000o\000w\000\040\000\050\000N\000O\000W\000\051}{subsection.1.2}% 12
\BOOKMARK [2][-]{subsection.1.3}{\376\377\000C\000o\000h\000o\000r\000t\000\040\0003\000:\000\040\000T\000h\000e\000\040\000M\000o\000d\000e\000r\000n\000\040\000C\000l\000o\000u\000d\000/\000S\000o\000c\000i\000a\000l\000\040\000E\000r\000a\000\040\000\050\000I\000P\000O\000:\000\040\0002\0000\0001\0003\000-\0002\0000\0002\0000\000\051}{section.1}% 13
\BOOKMARK [3][-]{subsubsection.1.3.1}{\376\377\000M\000e\000t\000a\000\040\000\050\000M\000E\000T\000A\000\051}{subsection.1.3}% 14
\BOOKMARK [3][-]{subsubsection.1.3.2}{\376\377\000S\000h\000o\000p\000i\000f\000y\000\040\000\050\000S\000H\000O\000P\000\051}{subsection.1.3}% 15
\BOOKMARK [3][-]{subsubsection.1.3.3}{\376\377\000S\000n\000o\000w\000f\000l\000a\000k\000e\000\040\000\050\000S\000N\000O\000W\000\051}{subsection.1.3}% 16
\BOOKMARK [3][-]{subsubsection.1.3.4}{\376\377\000T\000w\000i\000l\000i\000o\000\040\000\050\000T\000W\000L\000O\000\051}{subsection.1.3}% 17
\BOOKMARK [3][-]{subsubsection.1.3.5}{\376\377\000O\000k\000t\000a\000\040\000\050\000O\000K\000T\000A\000\051}{subsection.1.3}% 18
\BOOKMARK [3][-]{subsubsection.1.3.6}{\376\377\000A\000t\000l\000a\000s\000s\000i\000a\000n\000\040\000\050\000T\000E\000A\000M\000\051}{subsection.1.3}% 19
\BOOKMARK [1][-]{section.2}{\376\377\000T\000e\000s\000t\000i\000n\000g\000\040\000t\000h\000e\000\040\000T\000h\000e\000s\000i\000s\000:\000\040\000A\000m\000p\000l\000i\000f\000i\000e\000r\000s\000\040\000a\000n\000d\000\040\000B\000o\000u\000n\000d\000a\000r\000y\000\040\000C\000o\000n\000d\000i\000t\000i\000o\000n\000s}{}% 20
\BOOKMARK [2][-]{subsection.2.1}{\376\377\000T\000h\000e\000\040\000"\000L\000e\000g\000a\000l\000\040\000A\000m\000p\000l\000i\000f\000i\000e\000r\000"\000\040\000\050\000G\000r\000o\000u\000p\000\040\0004\000\051}{section.2}% 21
\BOOKMARK [3][-]{subsubsection.2.1.1}{\376\377\000M\000o\000d\000e\000r\000n\000a\000\040\000\050\000M\000R\000N\000A\000\051}{subsection.2.1}% 22
\BOOKMARK [3][-]{subsubsection.2.1.2}{\376\377\000C\000o\000i\000n\000b\000a\000s\000e\000\040\000\050\000C\000O\000I\000N\000\051}{subsection.2.1}% 23
\BOOKMARK [3][-]{subsubsection.2.1.3}{\376\377\000R\000o\000b\000i\000n\000h\000o\000o\000d\000\040\000\050\000H\000O\000O\000D\000\051}{subsection.2.1}% 24
\BOOKMARK [3][-]{subsubsection.2.1.4}{\376\377\000B\000l\000a\000c\000k\000s\000t\000o\000n\000e\000\040\000\050\000B\000X\000\051}{subsection.2.1}% 25
\BOOKMARK [2][-]{subsection.2.2}{\376\377\000T\000h\000e\000\040\000"\000F\000o\000u\000n\000d\000e\000r\000\040\000C\000o\000n\000t\000r\000o\000l\000"\000\040\000B\000o\000u\000n\000d\000a\000r\000y\000\040\000C\000o\000n\000d\000i\000t\000i\000o\000n\000\040\000\050\000G\000r\000o\000u\000p\000\040\0005\000\051}{section.2}% 26
\BOOKMARK [3][-]{subsubsection.2.2.1}{\376\377\000M\000e\000t\000a\000\040\000\050\000M\000E\000T\000A\000\051}{subsection.2.2}% 27
\BOOKMARK [3][-]{subsubsection.2.2.2}{\376\377\000G\000o\000o\000g\000l\000e\000\040\000\050\000G\000O\000O\000G\000L\000\051}{subsection.2.2}% 28
\BOOKMARK [3][-]{subsubsection.2.2.3}{\376\377\000S\000n\000a\000p\000\040\000\050\000S\000N\000A\000P\000\051}{subsection.2.2}% 29
\BOOKMARK [1][-]{section.3}{\376\377\000S\000y\000n\000t\000h\000e\000s\000i\000s\000\040\000a\000n\000d\000\040\000I\000m\000p\000l\000i\000c\000a\000t\000i\000o\000n\000s\000\040\000f\000o\000r\000\040\000t\000h\000e\000\040\000"\000C\000a\000g\000e\000"\000\040\000F\000r\000a\000m\000e\000w\000o\000r\000k}{}% 30
\BOOKMARK [2][-]{subsection.3.1}{\376\377\000O\000v\000e\000r\000a\000l\000l\000\040\000V\000a\000l\000i\000d\000a\000t\000i\000o\000n\000\040\000o\000f\000\040\000P\000r\000o\000p\000o\000s\000i\000t\000i\000o\000n\000\040\0001}{section.3}% 31
\BOOKMARK [2][-]{subsection.3.2}{\376\377\000K\000e\000y\000\040\000N\000u\000a\000n\000c\000e\000s\000\040\000a\000n\000d\000\040\000R\000e\000f\000i\000n\000e\000m\000e\000n\000t\000s\000\040\000t\000o\000\040\000t\000h\000e\000\040\000T\000h\000e\000s\000i\000s}{section.3}% 32
\BOOKMARK [2][-]{subsection.3.3}{\376\377\000M\000e\000t\000h\000o\000d\000o\000l\000o\000g\000i\000c\000a\000l\000\040\000C\000o\000n\000c\000l\000u\000s\000i\000o\000n\000\040\000a\000n\000d\000\040\000F\000u\000t\000u\000r\000e\000\040\000R\000e\000s\000e\000a\000r\000c\000h}{section.3}% 33
